>>> say_my_name = __import__('3-say_my_name').say_my_name

>>> say_my_name("Daniel", "Burongu")
My name is Daniel Burongu

>>> say_my_name("Joseph", "Rukundo and the 9 Ikaze")
My name is Joseph Rukundo and the 9 Ikaze

>>> say_my_name("SSozzi")
My name is SSozzi 

>>> say_my_name("Rollins")
My name is Rollins 

>>> say_my_name("Inyange Juice")
My name is Inyange Juice 

"""
Error
"""

>>> say_my_name("Chan", 123)
Traceback (most recent call last):
...
TypeError: last_name must be a string

>>> say_my_name(123, "Beautiy")
Traceback (most recent call last):
...
TypeError: first_name must be a string

>>> say_my_name(None, None)
Traceback (most recent call last):
...
TypeError: first_name must be a string

>>> say_my_name(["Tiba", "Chil"])
Traceback (most recent call last):
...
TypeError: first_name must be a string

>>> say_my_name(123, 456)
Traceback (most recent call last):
...
TypeError: first_name must be a string

>>> say_my_name()
Traceback (most recent call last):
...
TypeError: say_my_name() missing 1 required positional argument: 'first_name'

>>> say_my_name("Diana", "Walter", "Wilson")
Traceback (most recent call last):
...
TypeError: say_my_name() takes from 1 to 2 positional arguments but 3 were given

>>> say_my_name(2)
Traceback (most recent call last):
...
TypeError: first_name must be a string

>>> say_my_name(None, 2)
Traceback (most recent call last):
...
TypeError: first_name must be a string

>>> say_my_name(1, 2)
Traceback (most recent call last):
...
TypeError: first_name must be a string

>>> say_my_name("Mica", 2)
Traceback (most recent call last):
...
TypeError: last_name must be a string

>>> say_my_name(1, "Arsene")
Traceback (most recent call last):
...
TypeError: first_name must be a string

>>> say_my_name("Sentogo", (2, 3))
Traceback (most recent call last):
...
TypeError: last_name must be a string

>>> say_my_name((1, 2), "Badboy")
Traceback (most recent call last):
...
TypeError: first_name must be a string